[2026-06-05 13:44:55] WAL: help
[2026-06-05 13:45:16] WAL: ls
[2026-06-05 13:45:32] WAL: touch agenda
[2026-06-05 13:45:33] WAL: ls
[2026-06-05 13:45:52] WAL: touch av1
[2026-06-05 13:45:55] WAL: touch av2
[2026-06-05 13:45:59] WAL: ls
[2026-06-05 13:46:14] WAL: mkdir sistemas_operacionais
[2026-06-05 13:46:16] WAL: ls
[2026-06-05 13:46:57] WAL: ren av1 prova_av1
[2026-06-05 13:46:58] WAL: ls
[2026-06-05 13:47:22] WAL: cp av2 sistemas_operacionais
[2026-06-05 13:47:38] WAL: rm agenda
[2026-06-05 13:47:40] WAL: ls
[2026-06-05 13:47:42] WAL: clear
[2026-06-05 14:02:00] WAL: help
[2026-06-05 14:02:19] WAL: touch av1
[2026-06-05 14:02:25] WAL: touch av2
[2026-06-05 14:04:13] WAL: touch av3
[2026-06-05 14:04:15] WAL: help
[2026-06-05 14:04:29] WAL: help
[2026-06-05 14:04:59] WAL: help
[2026-06-05 14:05:09] WAL: touch av1
[2026-06-05 14:05:14] WAL: touch av2
[2026-06-05 14:05:16] WAL: touch av3
[2026-06-05 14:05:22] WAL: mkdir provas
[2026-06-05 14:05:30] WAL: touch lista_exercicios
[2026-06-05 14:05:31] WAL: ls
[2026-06-05 14:05:42] WAL: cp av3 copia_av3
[2026-06-05 14:05:44] WAL: ls
[2026-06-05 14:35:05] WAL: touch av1
[2026-06-05 14:35:08] WAL: mkdir provas
[2026-06-05 14:35:10] WAL: touch av2
[2026-06-05 14:35:13] WAL: ls
[2026-06-05 14:35:20] WAL: rename av1 prova_av1
[2026-06-05 14:35:23] WAL: ls
[2026-06-05 14:35:36] WAL: rename provas provas_so
[2026-06-05 14:35:37] WAL: ls
[2026-06-05 14:36:11] WAL: ls provas_av1
[2026-06-05 14:36:25] WAL: ls
[2026-06-05 14:36:51] WAL: ls provas_so
[2026-06-05 14:43:51] WAL: help
[2026-06-05 14:44:21] WAL: touch av1
[2026-06-05 14:44:23] WAL: touch av2
[2026-06-05 14:44:28] WAL: touch av3
[2026-06-05 14:44:29] WAL: ls
[2026-06-05 14:44:35] WAL: midkr provas
[2026-06-05 14:44:41] WAL: mkdir provas
[2026-06-05 14:44:44] WAL: ls
[2026-06-05 14:44:49] WAL: cd provas
[2026-06-05 14:44:51] WAL: ls
[2026-06-05 14:44:54] WAL: cd ..
[2026-06-05 14:44:57] WAL: ls
[2026-06-05 14:45:02] WAL: rm av1
[2026-06-05 14:45:05] WAL: rm av2
[2026-06-05 14:45:07] WAL: rm av3
[2026-06-05 14:45:11] WAL: cd provas
[2026-06-05 14:45:12] WAL: ls
[2026-06-05 14:45:21] WAL: ls
[2026-06-05 14:45:26] WAL: touch av1
[2026-06-05 14:45:28] WAL: touch av2
[2026-06-05 14:45:31] WAL: touch av3
[2026-06-05 14:45:32] WAL: ls
[2026-06-05 14:45:34] WAL: cd ..
[2026-06-05 14:45:44] WAL: ls
[2026-06-05 14:45:50] WAL: touch lista_exercicios
[2026-06-05 14:45:51] WAL: ls
[2026-06-05 14:45:55] WAL: ls
[2026-06-05 14:45:59] WAL: ls provas
[2026-06-05 14:46:03] WAL: ls
[2026-06-05 14:46:18] WAL: rename lista_exercicios lista1
[2026-06-05 14:46:19] WAL: ls
